// Jest Snapshot v1, https://goo.gl/fbAQLP

exports[`WheelPicker should match snapshot 1`] = `null`;
